<!DOCTYPE html PUBLIC "-//W3C//DTD HTML 4.0 Transitional//EN" "http://www.w3.org/TR/REC-html40/loose.dtd">
<html><body><span class="text-rotator" data-animation="" data-separator="," data-speed="2000"></span></body></html>
